Manifest List:
Name:		image:latest
MediaType:	mediatype/ociindex
Digest:		sha256:abcdef
Annotations:
annotation1:	value1
annotation2:	value2

Manifests:
Name:		image:latest@sha256:abcdef
Mediatype:	mediatype/manifest
Platform:	os/arch/variant

Name:		image:latest@sha256:beef
Mediatype:	mediatype/manifest
Platform:	os2/arch2
